date_month,base_sum_metric,base_average_metric,ratio_metric
2022-02-01,2,1.00000000000000000000,2.00000000000000000000
2022-01-01,8,1.00000000000000000000,8.00000000000000000000